// Jest Snapshot v1, https://goo.gl/fbAQLP

exports[`snapshots :  data props should be passed as props to generated component 1`] = `
<div
  className="mock-class-name"
  id="mock-id"
/>
`;

exports[`snapshots :  default render structure 1`] = `null`;
